=== deleted directories under src/ ===
src/borg/ (118 files)
src/win/ (26 files)
src/sdl2/ (7 files)
src/cocoa/ (13 files)
src/nds/ (22 files)
src/stats/ (3 files)
src/tests/ (113 files)
src/cmake/ (20 files)
src/doc/ (14 files)

=== deleted files under src/ ===
src/Makefile
src/Makefile.3ds
src/Makefile.blocksds
src/Makefile.blocksds.arm7
src/Makefile.blocksds.arm9
src/Makefile.ibm
src/Makefile.inc
src/Makefile.nds
src/Makefile.nds.arm7
src/Makefile.nds.arm9
src/Makefile.nmake
src/Makefile.osx
src/Makefile.src
src/Makefile.std
src/HEADER
src/angband.man
src/gen-coverage

=== moved to src/host/ ===
src/main.c -> src/host/main.c
src/main-test.c -> src/host/main-test.c

=== dropped front ends and sound drivers (not vendored) ===
src/main-gcu.c
src/main-ibm.c
src/main-nds-arm7.c
src/main-nds.c
src/main-sdl.c
src/main-sdl2.c
src/main-spoil.c
src/main-stats.c
src/main-win.c
src/main-x11.c
src/main-xxx.c
src/main-cocoa.m
src/snd-sdl.c
src/snd-sdl.h
src/snd-win.h

=== moved to src/game/ ===
alloc.h
angband.h
buildid.c
buildid.h
cave-map.c
cave-square.c
cave-view.c
cave.c
cave.h
cmd-cave.c
cmd-core.c
cmd-core.h
cmd-misc.c
cmd-obj.c
cmd-pickup.c
cmd-spoil.c
cmd-wizard.c
cmds.h
config.h
datafile.c
datafile.h
debug.c
debug.h
effect-handler-attack.c
effect-handler-general.c
effect-handler.h
effects-info.c
effects-info.h
effects.c
effects.h
game-event.c
game-event.h
game-input.c
game-input.h
game-world.c
game-world.h
gen-cave.c
gen-chunk.c
gen-monster.c
gen-room.c
gen-util.c
generate.c
generate.h
grafmode.c
grafmode.h
guid.c
guid.h
h-basic.h
hint.h
init.c
init.h
list-dun-profiles.h
list-effects.h
list-elements.h
list-equip-slots.h
list-history-types.h
list-ignore-types.h
list-kind-flags.h
list-message.h
list-mon-message.h
list-mon-race-flags.h
list-mon-spells.h
list-mon-temp-flags.h
list-mon-timed.h
list-object-flags.h
list-object-modifiers.h
list-options.h
list-origins.h
list-parser-errors.h
list-player-flags.h
list-player-timed.h
list-projections.h
list-randart-properties.h
list-room-flags.h
list-rooms.h
list-square-flags.h
list-stats.h
list-terrain-flags.h
list-terrain.h
list-trap-flags.h
list-tvals.h
list-ui-entry-renderers.h
load.c
main.h
message.c
message.h
mon-attack.c
mon-attack.h
mon-blows.c
mon-blows.h
mon-desc.c
mon-desc.h
mon-group.c
mon-group.h
mon-init.c
mon-init.h
mon-list.c
mon-list.h
mon-lore.c
mon-lore.h
mon-make.c
mon-make.h
mon-move.c
mon-move.h
mon-msg.c
mon-msg.h
mon-predicate.c
mon-predicate.h
mon-spell.c
mon-spell.h
mon-summon.c
mon-summon.h
mon-timed.c
mon-timed.h
mon-util.c
mon-util.h
monster.h
obj-chest.c
obj-chest.h
obj-curse.c
obj-curse.h
obj-desc.c
obj-desc.h
obj-gear.c
obj-gear.h
obj-ignore.c
obj-ignore.h
obj-info.c
obj-info.h
obj-init.c
obj-init.h
obj-knowledge.c
obj-knowledge.h
obj-list.c
obj-list.h
obj-make.c
obj-make.h
obj-pile.c
obj-pile.h
obj-power.c
obj-power.h
obj-properties.c
obj-properties.h
obj-randart.c
obj-randart.h
obj-slays.c
obj-slays.h
obj-tval.c
obj-tval.h
obj-util.c
obj-util.h
object.h
option.c
option.h
parser.c
parser.h
player-attack.c
player-attack.h
player-birth.c
player-birth.h
player-calcs.c
player-calcs.h
player-class.c
player-history.c
player-history.h
player-path.c
player-path.h
player-properties.c
player-properties.h
player-quest.c
player-quest.h
player-race.c
player-spell.c
player-spell.h
player-timed.c
player-timed.h
player-util.c
player-util.h
player.c
player.h
project-feat.c
project-mon.c
project-obj.c
project-player.c
project.c
project.h
randname.c
randname.h
save-charoutput.c
save-charoutput.h
save.c
savefile.c
savefile.h
score-util.c
score.c
score.h
sound-core.c
sound.h
source.c
source.h
store.c
store.h
target.c
target.h
trap.c
trap.h
ui-birth.c
ui-birth.h
ui-command.c
ui-command.h
ui-context.c
ui-context.h
ui-curse.c
ui-curse.h
ui-death.c
ui-death.h
ui-display.c
ui-display.h
ui-effect.c
ui-effect.h
ui-entry-combiner.c
ui-entry-combiner.h
ui-entry-init.h
ui-entry-renderers.c
ui-entry-renderers.h
ui-entry.c
ui-entry.h
ui-equip-cmp.c
ui-equip-cmp.h
ui-event.c
ui-event.h
ui-game.c
ui-game.h
ui-help.c
ui-help.h
ui-history.c
ui-history.h
ui-init.c
ui-init.h
ui-input.c
ui-input.h
ui-keymap.c
ui-keymap.h
ui-knowledge.c
ui-knowledge.h
ui-map.c
ui-map.h
ui-menu.c
ui-menu.h
ui-mon-list.c
ui-mon-list.h
ui-mon-lore.c
ui-mon-lore.h
ui-obj-list.c
ui-obj-list.h
ui-object.c
ui-object.h
ui-options.c
ui-options.h
ui-output.c
ui-output.h
ui-player-properties.c
ui-player-properties.h
ui-player.c
ui-player.h
ui-prefs.c
ui-prefs.h
ui-score.c
ui-score.h
ui-signals.c
ui-signals.h
ui-spell.c
ui-spell.h
ui-spoil.c
ui-spoil.h
ui-store.c
ui-store.h
ui-target.c
ui-target.h
ui-term.c
ui-term.h
ui-visuals.c
ui-visuals.h
ui-wizard.c
ui-wizard.h
wiz-debug.c
wiz-spoil.c
wiz-stats.c
wizard.h
z-bitflag.c
z-bitflag.h
z-color.c
z-color.h
z-debug.h
z-dice.c
z-dice.h
z-expression.c
z-expression.h
z-file.c
z-file.h
z-form.c
z-form.h
z-quark.c
z-quark.h
z-queue.c
z-queue.h
z-rand.c
z-rand.h
z-textblock.c
z-textblock.h
z-type.c
z-type.h
z-util.c
z-util.h
z-virt.c
z-virt.h
src/.splintrc

=== deleted under lib/ ===
lib/tiles/ (28 files)
lib/sounds/ (214 files)
lib/fonts/ (25 files)
lib/icons/ (11 files)
vendor-tmp/lib/customize/Makefile
vendor-tmp/lib/gamedata/Makefile
vendor-tmp/lib/help/Makefile
vendor-tmp/lib/Makefile
vendor-tmp/lib/screens/Makefile
vendor-tmp/lib/user/Makefile
vendor-tmp/lib/user/panic/Makefile
vendor-tmp/lib/user/save/Makefile
vendor-tmp/lib/user/scores/Makefile
